// Jest Snapshot v1, https://goo.gl/fbAQLP

exports[`matches snapshot 1`] = `
<div>
  <div
    class="App"
    data-version="0.5.0"
  >
    <h1>
      Progress Bar 
      2023/Q1
    </h1>
    <p>
      2023/Q1
       is 
      36
      % completed
    </p>
    <div
      class="Progress"
    >
      <div
        class="progressbar-progress"
        style="background-color: orange; width: 36%; transition: width 200ms; height: 20px;"
      />
    </div>
    <p>
      FY2023/Q3
       is 
      36
      % completed
    </p>
    <div
      class="Progress"
    >
      <div
        class="progressbar-progress"
        style="background-color: orange; width: 36%; transition: width 200ms; height: 15px;"
      />
    </div>
    <p>
      2023
       is 
      9
      % completed
    </p>
    <div
      class="Progress"
    >
      <div
        class="progressbar-progress"
        style="background-color: rgb(43, 96, 222); width: 9%; transition: width 200ms; height: 15px;"
      />
    </div>
    <footer>
      v
      0.5.0
    </footer>
  </div>
</div>
`;
