// Jest Snapshot v1, https://goo.gl/fbAQLP

exports[`matches snapshot 1`] = `
<div>
  <div
    class="App"
    data-version="0.3.0"
  >
    <h1>
      Progress Bar 
      2022/Q4
    </h1>
    <p>
      2022/Q4
       is 
      27
      % completed
    </p>
    <div
      class="Progress"
    >
      <div
        class="progressbar-progress"
        style="background-color: orange; width: 27%; transition: width 200ms; height: 20px;"
      />
    </div>
    <p>
      FY2023/Q2
       is 
      27
      % completed
    </p>
    <div
      class="Progress"
    >
      <div
        class="progressbar-progress"
        style="background-color: orange; width: 27%; transition: width 200ms; height: 15px;"
      />
    </div>
    <p>
      2022
       is 
      82
      % completed
    </p>
    <div
      class="Progress"
    >
      <div
        class="progressbar-progress"
        style="background-color: rgb(43, 96, 222); width: 82%; transition: width 200ms; height: 15px;"
      />
    </div>
    <footer>
      v
      0.3.0
    </footer>
  </div>
</div>
`;
